==> Building release binaries
==> Generating symmetry-distinguished sample
sym_ok = result/thesis_layer_sat/sym_OK.txt
reachable = result/thesis/reverse_OK.txt
out_dir = ./result/cog/symmetry_distinguished
seed = 0
input_boards = 124755
kept_boards = 124755
dropped_boards = 0
full_orbits = 124755
smaller_orbits = 0
reachable_input_boards = 97
reachable_matched_samples = 97
reachable_dropped_by_orbit_sampling = 0
==> Running strict layer-sat
layer-sat configuration:
  from_initial: true
  start_turn: Black
  start: ---------------------------OX------XO---------------------------
  goal_source: --goal-file (./result/cog/symmetry_distinguished/strict_input.txt)
  goal_count: 97
  check_symmetry: false
  parallel_goals: 30
  show_coords: false
  show_boards: false
  verbose: false
  out_dir: ./result/cog/layer_sat_strict_out
  dump_dimacs_cnf: false
  cnf_dump_only: false
  cnf_dump_dir: disabled
  sat_timeout_secs: 3600
goal[1] OX-XXO--OOXXXXXXOOX-XOXXO-OXX-XXOXXOO-XOXOOXOXO--XOXOXX--X-OOOXO
goal[2] X----O-X-XXOOOO-XXX-XXOOXOOOOXX-X--XXXX-X-OX-XXXX-OOO-XXOOO----X
goal[3] X--XOO--OXOX-XOX-XXOXXXOXOOOX-OO-OOXXOXOOOO-XXOOXXXOOOOOO--XXO-O
goal[4] OOO-O-O-O-XOOOOOOXXXXOX-OOXXO-OO-XOOOOO---OOOOOXXXOOO-XO--O-OXXX
goal[5] XXOOO-O-OXXXOOOOOOO-OOOOXOXOOXOOXXOXXOOXXX-XOOXOXOOX-OX-XX-X--O-
goal[6] --XXOX--O-XXXO-XO--XOOOOOXOXXXXOOOOOX-X-O-XOOX-XOXO-XO--OO--OOOO
goal[7] OXX-X-OO-XOXXOOXOOXOXOXXXOXOO---OOOOO-O--OOXOOXXOOOOXOX-OX--OXXO
goal[8] OO-XXXO-XXOOXOXX--OXOO-X--OOX-OX-OOXXOX-OXOXOO---XOX-OXX-OXXOOX-
goal[9] XO-XXXXOOXX-XOXOOOOOOX-O-OOXXXX-OXXXXXOX-XX-O-OXOXOX-OXXXXXXX-O-
goal[10] ---XXXOOX--XOXOXXX--OO--XOOOOOOXXOXXOOX--OXOOOOXOXX--XX-XOOO-XXX
goal[11] OOOO--XOXXXXX-OXOO-OXOOX-OOOXXX-XX-OXXXXX--X-XX-XOOOXOXXOOOO-X--
goal[12] X-OX-OOOXOOX-OO-OXXOXOO-OXOOOX-OXOXXOXO-OX-OXOO-OOXXXXOX-O-XXX--
goal[13] X-XXO---XOXX-O-OXOO-OXXOOOXXOXOO-XXOXO-XX-OOX-OXXOXXXOX-OXXXXX--
goal[14] OXXOOXXX-OOXOOXOOOXOX-X-O-OOXOO-OOXXX---OOO-XXOOXXXX-XXXX--OOOXX
goal[15] OOXXO----OX-XOOO-OXXXXXXXXXXO--XXXXOXXOXXXX--OOXOOOXX-OXOXXO-XXO
goal[16] OOO-XX--XOOXXXOOXXXXO-O-OOXOXOXOO--OX-OXOOXOOOXO-XOXXXO--X--OOX-
goal[17] --XOOOOX-XOXO-OXXXOXXOOO-XOXXOXOOOXXOX-OOOXX-OXXX-OOOXOXXXXOO-OX
goal[18] OOXOOXXX-OOO-OOOXOO-XO--XOXXXXO-XO-OXXOXXOOXXXX-XXXOXX-O-OOXXXX-
goal[19] ----XXOX-XOXXXXXOOOOOOXXO-XXXOO-OOOOO-OX-OX-XOOXXOXOXOX---X-XXX-
goal[20] -X-XOOX-OOX-XOOXO-OXOOOOOX-OOOO-XOOXOOOO-XO-OXXOOOXOOOX-OOOOX-XO
goal[21] -X-X-OO-OXOXX-O--O-OXXXXXXOXXXXOXOXXX-X--XO-XOXXXOOOOXOO-O----X-
goal[22] O-OO----XXOO-XX-OXOOXXXO-XOXXOXXXO-XO-O-O-OXOX-OOXXOOOOOOXXO-XXO
goal[23] -XXO-XXOOXOXXXOOXO-XOXX-XOXOOOOOXXOOOOXXXOXXXOOXOXOX-X-XOOX---XX
goal[24] OOOO--OXO-XOX-O-OXOOXOOOOO-XOO--OOXXXOX-XXX--OOOXXXXXOXX-OOXOOXX
goal[25] -O-X-OXO-O-XXXXOXOOXXX-OOXOOXX--X--XXXOXXOXOOOX-XO-X-XOXXXX-OOOO
goal[26] XO-OXO-OOXO-XXOO-XXXXOO---OOXXXO-OOXXXX-OOXX-OXOOX-OX-OXXO---OX-
goal[27] --XO-OOOXXXXOOOOXXX-XXXXOO-XX--O-OOXO-XOXOXOOOXOOXXX-XXOXOOOOXX-
goal[28] O---XOOXOOOXXOOOXOOOXO----OXXXOOX-OXXXOX-XXX-XX--OXXXXX-----OOOO
goal[29] --OX--O-OXO-XOOOOOXXOXO-O-XXX-XXXXOOXXOOOOXO-XO--OXOOOX-XOOX-OOX
goal[30] --OOOX--X--XOO-OXOOOXXXOX-OXOXXOXXOOOXXOXX--XOXOXO-XOXOXX-OOX-X-
goal[31] X-OX--XOXOO--XOOOOO-OXXO-XXXOX-X-OXOXX-X-XOOX-OXX-X-XXXO-OOOOOOO
goal[32] XOOX----XX-OO--O-XXXOOO-XXXXOOOXOOXOOOOXOXX-OOXXXO-OOXXXO-OOO-X-
goal[33] OXX-XXXOOOOX-XXOOX-OOXOOOXOXOXXO-OOXOO-OOO-OXXOO-OX-OOOO-XXX-X--
goal[34] O---O-XXO-X-OXXOOX-XXOXO-OOXOXX-X-XOOXO-OOOOXXO-O-O-X-OX--XXXOOX
goal[35] O-OX--X-XXXXXXXX--XO-OOOOXXXOOOOOX-OXXO--OX-OX-O-XOOOOOO---XXOXX
goal[36] XXXXX-X--XOOXX-XXXX-O-X-OXOOXOO---OXOXXOXOX--OX--XXXXOX---XO-OXO
goal[37] XXX-X-OO-X-XXOXO-OOOOO-OXXXOO-X--OXOOOO--XOXXXXOXOOXXXXX--OXX--O
goal[38] XXO-OO---XOO-OO---OXXXOOXXXXXOOO-OXXXX--OOXOOXXX-XXOOXOX-XXOOOXO
goal[39] XX-XXXXXOOOXXOXXO-XOO-OXOOXXXX---XOXXO--XOOXOO-XXXO--OOO-OOOXXX-
goal[40] OX-OXOO--OXX-OXXOOOXO-XX-OXOOXOX--OXOOXXOX-OX-O-XXXO-XOO-XXXXXO-
goal[41] -OOX-X--O-O-XOX-OXXXOOOXX-XOOO-XOXOXO-OXOOOXO-X-OOX-OX--O-XXX-O-
goal[42] -X-OOOX-XXO--OX-XXO-OOXOXOXXX-X-XOXXXO-XOXX--XX-X--OOOOO---X---X
goal[43] OXX-OXXXO-XX-OX-OOOXXX-XOXOXO-OX-OXOOOXXOOOXOOOXOOOO-XOOOX-X-XXX
goal[44] ---OX-OOOX-OXOXOOXOOOX-OOO-XXOO-XOXOOXX-XXXXXXOX-O-OOOOO-OO-O---
goal[45] XO-XXX-OOXXXOOXOXOXXXXOOXOOXOO-O-XOXXOOOXXXXOO-X-X--OXOOOOOO-X--
goal[46] -OXX-XO---XXOOX-XXXOXXXXOOOXOX--O--XOXX-XXXXOXOOOXX-OOXX-XO--OXX
goal[47] -XO-OOOXXX-OXOX--XOXOO---XXXXO-OOX-XOOOOO-OXOXXOO-OO--OOOOOOOOOO
goal[48] OXXO-OOOO-OX-OO-OO-XXO-O-XXOOXXXOXXOXXOOXXOOO-X-XOOOOOX-XX--XOX-
goal[49] X-OXXX-OXOO-XXO-XOX-XOX--OOOOOXX-X-OXO-OXOOXXOO-OXO-OOOOOOOO-OXO
goal[50] -XX-OOOO--XOO-OO-OOXOXOO-XOOXOX-OXXOO--O-OXOXXXXX-X-OXOX-OX--XXX
goal[51] -XOOOOXXOOX-OOOOX-OXOXOXXOOOX-O-XOOOOXXX-OOXXXXXXXXOXX-OOX-O-XO-
goal[52] O-O-OXXOOOOX-XOXO-XOOXX--OXXOXX--XXOOOXO-OXXOOXX-OO-O-OXXXXOO---
goal[53] XXXOOX---XOXX-XO-X-OOOXXXXOXOOXXXOOOOXO-XXXXXXOX--O-XXOOXXXX--O-
goal[54] XOOO-OOO-XO--O---OO-OOOOXOOOXXO-X-OXXOOXXOOXOXOX-OX-XXX--XXOX-OX
goal[55] -XXXXOO-OXX-XOOXXXXXOXOXXXXOXX-O-X-XO-X-O-OOXOXO-OOXXXOX---O--OO
goal[56] XO-O-OO-OX-XXXXX-OOO-OOXO-OOOX-XOOOOOO--XOXOXOOO-OOX-XOO-O-O-OOO
goal[57] --OOOOXXXXXXOXX-XXO-OXOO-OXXO-X-XXXOOOOOOOXXXXXO-OO-OOOOO-OOOO-O
goal[58] XXXXXXOOOOOXXOOOOX-XXXXO--OXXXXOXOXOX-XXOOXOXXX-XXXOO-O---OO---O
goal[59] XOXX-XXOOOXOXXXX-OX-OOOOX-XOXOOOOXOXXX-OX-XX-X-OXXXOOOOOO-XOX--O
goal[60] OXXO-X-OOO-XOXOX-OOOOOXXOOOXOXOXXXOXXOOXOOXXX-XXOXOOXO---XXXXX--
goal[61] XOX--XXOXOX-X-XO-OOXX-XO-OXXXOXO-OOXX--O-XXOXXXXXOXOOOOOXXXO-X--
goal[62] XOOXO---X-OOOXXOXOXXOOOXXXOXOOXXXOXXOOOO-XXXXOOOOX-XOOXOOXX-OO-X
goal[63] XOOX--O-OOXOOOOOOOXX-OXO-OOXXOOO--OOOXOO-XOOO-XO-XXXOO-O-X-OXXXO
goal[64] -OXXXX--XOXXXOX--OOOOOOOOXOOOXO-X-XOO-O-XXXOXO-O-O--XXO--O--XOX-
goal[65] XXXX-XO--OO-OXXOXOOXXX-OXOOXOO-O-XOOXXOOX-OXOOOO-OXXOOXXOX-XO-XO
goal[66] OX-O-OO-XOO-OOO--OOOOOO--XOOXXXOXXXOOOOXXXXXOO-X-XOOO-OXOOXXXO-O
goal[67] OO-XX-XO-OXXXXX---OOXXXOXOOOX-XO-XXOOOOO-OOOOOOOXXX-OOOX--X-XOO-
goal[68] OXOOOX--XXXOOOO-OXO-XX--OXXXXXOOOXXXXXO-OOO-XXOOXXXXX-XOXXX--OOO
goal[69] XO-O-X---OOX-OOOOOXX-OOXOOOOOOO-OOXOOOXXXXOXOXXOX-OXXX--XOOOO---
goal[70] -XOOXOOX--OO-OXOOOOXOXXXOOOXOXX-O-OXXOX--XXXXO-XXOXOXOOX--X-O-OO
goal[71] --OO-OXXXXOOOOX-XXOXOXX--OOXO-OXXXXOOXOX-X-OOOOXO-XO-OOX--XOO-XO
goal[72] XXXX----XOXOXOO-XOX-OXXOXO-OXO-OXXXOXX-OXXO-XOXOXXXOXX-X-O-XXXO-
goal[73] OXO--XOOXOOXXOOOOOXOOOXXOO-OXXXX--OOOXXX-XOXOOOXOOOOO--O-XXOOX--
goal[74] -O-OOOOO--OXX-O-OOXXOO-XXXXOOOX--OXOOOXO-XOOXOOXXOOOO-OO-XO-X-O-
goal[75] --OOXOOO-O-XOXOXO-XXO-O-OO-XX-XOOXOOXXO--OOOOXXXXOOOOOX--X-X---X
goal[76] OXO-OOOO-OO--OXX-OOOX-OOXXXXXOOO-XOOXX-XXOXXXOX-OOX-XXOO-XX--XXO
goal[77] O-O-O--OOO-OXXO-OOXOXXXOXOXXX-OOXXOXXXXXOOOOOXX--XOXOX-O---XOOOO
goal[78] XOO-XXOO-OO-XOXX-OX-OO--O-XOX---OOOXOOXO-OOXXXOXXXXOOXXX--X--O-X
goal[79] XOO-XOOOOXXOXXX--XX-XXO-XXXXXO-OXOXXXOXO----XXX-OOOXXOXXXXXXXXXO
goal[80] -XO---O---XOOO-OXO-OOOOXXOOOOOXXXXOOXO--OXX-XOX-O--XXOX-O-X--OXO
goal[81] OXXX-XXO-OXXOOO-OOOXXOXX-OOOX-X--OXOXOXXOXXOOOX--XXXXX--X--O-O--
goal[82] OO-OXOOXXXOX-OO--OOXXOXOO-XOOXO-OOXOOXX-XXXX-XOOXXXXXOO-O--X-O-O
goal[83] -XOXXXXXXX-XOO-X-XOXOXX-OOOXOOX-O-OXXOO-XXOOOX-OX-XXXXX--XO-XOOO
goal[84] -O-XXOOXXXXXO-O-OOOXXXOOO-XXOXOX-OXXXX---X-OXOO-OOOO-OOO-XO---OX
goal[85] --O---OXOOOOX-O--OXOOXO-OXOOOXOXX-OOXOOX-XOOXOOOOXXOXXXOX-X-O---
goal[86] O-XO-OOXOOXOOXOXXXOXXXXX-O-XXO--XX-OXXXOOXOXOXOOOXX-OOOOOXXOX-O-
goal[87] -XXX-XXX---X-XX-XXOOOX-XOX-OXOXX-OXXXXXX-XOOXXOXOX-XXXXO-XXXO-O-
goal[88] -O--X-OO-XXX-XO---OXXOOO--OOOOXXXOXOOOXX-XOOXXXXXXOX-O-OXX--XO--
goal[89] X-OX-XX-XOOOXOOOXOOXXO-O--XXO-OXOOXXXOOXOOOX-OXX-OOXOXXX-OXOO-O-
goal[90] -XOO-XO-OXXOOXXOOOXOOOOO-XOXXXOOX-OOX-XX-OOOXXXXOXO-O-X--XOO-OOX
goal[91] -OX--OX--XOOXXX-XXXOOOXO--OOOOXX-X-XO-O-XOOOOOX-XXXXO-O--X-XO-XO
goal[92] OXO-XOOXOXXOXXOXXXO-XXOOX-XOOXXOO--OOXOOOOOOXOOOOOXOXOX-OX-O--XO
goal[93] OX--OX-XOO-XXOXX-XOXOOXXOXXOXOXO-X-XOXXO--OXXOX--OX-XOO--XO--XX-
goal[94] OOO-XOOXX-XO-OOXXX-OXOOOXOOXXXXO-OXXXOO-O-OOXOOO--O-OX-O---OOX-O
goal[95] --OO-XO-XOOOXOOO-OXOOOOO-XOXXOXXXXOOOXXXXO---X-X-X-XXOXXXXXO-O-O
goal[96] O--X-OOOXOOOX-XO-OXXXOO-OXOXOOX-XO-OOOXOOOOXOO-O-X-OOOXOXOOO-X--
goal[97] -OOOOO-XXXXOXXX-XXOOXX--X--XXO--XXXOO-OXXOXOOOXOXOXXXOX--OXOO-OX
[10] SAT (H=45)
[10] Record: F5F4E3F6G5F3C5B5D6C6G7F2E2D1G1C7B6H6B4F7D8D2G2C8G6H8G8F8B8A5A7B3A3C4G4H2B7H4A4A2E6A8E1F1H1
[16] SAT (H=46)
[16] Record: D3C3E6F4B2C2G4D6D2F7C6B3D7C1F6E2B1H4A3B4F2A1A5G2G3A4G8C4A2B7E3G5B6A6B8C7F1G6E1E8E7F8G7H6H5H2
[91] SAT (H=42)
[91] Record: E6F6G6D6C6C7D7E3E2G7G8F4D3B7C4C2G4F3B8G5F2B5C3B2A6F1C1E8A7B3G2H8G3B1A3D2D8H3H4E7G1B6
[25] SAT (H=46)
[25] Record: D3C3C4E3B2B4F6B3E2F1A3B1A5F3F2D6G2H3H2F4C6H1E6F7D1B7B6D7F8A6A8B8C8G8A7A4D2G7F5G6H5G5H7H8G1E8
[64] SAT (H=42)
[64] Record: D3C5E6F7D6E7G8F6E8F8C6E3E2F4G5E1F3G4C3C4G2C2B4B6F1H6B7B3A2A4B2B8A5D2A6F2G3B1C1G7D1H3
[4] SAT (H=46)
[4] Record: E6F6D3D6F5C4B4E3G7C3F2G6C2G8C7A4G5G1E2H4D7C1D2F3G2E1B3G4B5C5B1H2C6A3A2A1G3B7H8E8H6H7F8E7A7C8
[26] SAT (H=44)
[26] Record: C4C3C2F4F5F6D3B1G4F3G6H6F2C5B2G3B5G5B3A2A1C6H7A6G2F1B7D7E7H4B6G7E2A7G8B8A8H2E3F8D6D1E1H1
[11] SAT (H=46)
[11] Record: F5F4D3D6D7C4F3D8C7B7B5F6B8G3E7G2H2B3G1A6A7C8A5C2G7G4B1F7F8H1G5G6H3D2E2D1H5E3C1A1B2B4H7A3A2A8
[34] SAT (H=43)
[34] Record: F5F6D3E3F2C5D6E7G7E6C6C4F8G6B3B6C7A2A7B4A3C8A1A5F4F3A6C2D8E8G2E2G5H1G3G4E1H7H3H8H2G1G8
[12] SAT (H=47)
[12] Record: C4E3F5B4F3F4C3D2A4E6B2B3D7B5B6A2C2A1C5B7A6F7A7D6F6D1C1A5D3G2F2G3A3G5H4G1G6C7E8F8H1H7G7E7B8D8F1
UNKNOWN
UNKNOWN
UNKNOWN
UNKNOWN
UNKNOWN
UNKNOWN
UNKNOWN
UNKNOWN
UNKNOWN
UNKNOWN
UNKNOWN
UNKNOWN
UNKNOWN
UNKNOWN
UNKNOWN
UNKNOWN
UNKNOWN
UNKNOWN
UNKNOWN
UNKNOWN
UNKNOWN
UNKNOWN
UNKNOWN
[94] SAT (H=45)
[94] Record: D3E3F2C6F6C4F5D2C1G6H6H7H8F7C2F3E8B1F4G5D6E6E7G3H4F8A1G2G1H2D8E1H3C5B4H1F1A4C7G4A3B5B3A2A6
[44] SAT (H=44)
[44] Record: D3C5F6E3C3D2E1G7D6E7B5D1F2F5E6B3D7C6B7C8F7F3G4G6H6A4G2H1H2H7E2H3G5F4B2E8A3A2A5B4B6B8A6G1
UNKNOWN
UNSAT
[14] SAT (H=48)
[14] Record: D3C3B3B2B1D2C4C5F6A1B6A3C2E3E2D1C1F2F1G7G2G1H1H2G3E1F4G4E6B5G6F7E8H6H7B7A7C6A8C7A5F8H8D8G8A6D7A4
UNKNOWN
[74] SAT (H=45)
[74] Record: E6D6C5B4C6F6B5D7G6E3F3A4C7G7F5G5D3G2H1C2C3E2C8B8H5B3H7E8A3D2B6H6E7G4B1C4B7A7D1F1G8E1G1H3F4
[18] SAT (H=49)
[18] Record: F5D6C4F3D7B4B3G6G2F6G5D8C7B2C3H5H7F4E6E7A5B7F8C2G4E3C8E8F2F1G1H1B1G8D1A3D2C1H2F7C6B6A1A4B5A6B8A7E1
UNKNOWN
[2] SAT (H=40)
[2] Record: C4C3C2E3F6C6E2F3D6B4G3G7F5G2B3B2A1H3A3F4H1F1A5F2G4D2H8C7G6A4D7H7G5E7B8C8H6A6A7A8
UNKNOWN
UNKNOWN
[41] SAT (H=42)
[41] Record: C4C5D6C3B5C6F4A5B3A3B6E6A4E3D3A6C2A2F3C1C7G3D1D8C8B1F2E2H3G5E8G2B7A8F7E7F1H4H5G8G6A7
[21] SAT (H=42)
[21] Record: D3E3F6C4B3C6E2D2B7B5D1A2B4F1F3F4C5C7A5B6A4G3B2C2B1E6G2G1H3G6F7E7G7H7G8G5H6H4G4B8A7D7
[46] SAT (H=45)
[46] Record: F5D6C7F3E3F6C6B8F7G7C8G5E6B7D3C4A7C2G6H7H6B6A5F4G3F2E2A6B1D1G2G8G1F1D2H3C3C1B3B4F8A3A4H8E7
[42] SAT (H=39)
[42] Record: C4E3F5G6F3G3F2C5F6F7B6C3H7B3G2A7B5E1G7G1B4H8F1H5B2A3E7D8D7B1C2C6A4A5A6A2H3G4D1
UNKNOWN
UNKNOWN
UNKNOWN
UNKNOWN
UNKNOWN
UNKNOWN
UNKNOWN
UNKNOWN
UNKNOWN
UNKNOWN
UNKNOWN
UNKNOWN
UNKNOWN
UNKNOWN
UNKNOWN
UNKNOWN
UNKNOWN
UNKNOWN
UNKNOWN
UNKNOWN
[82] SAT (H=47)
[82] Record: F5D6C4F3D3F4G2D2C2F2D7D8G4H1F1G5H6B3G6B2C6G3D1E1G1B7C5G7H3B5B6A6F6E3A8F7A5C7H8A7F8E7B1C3A1A2A4
UNKNOWN
[70] SAT (H=47)
[70] Record: E6F6D3C5B6F3G7F5G5E7F7C6C7H7G2C4H8D2E3C8C2G4G3A7B4F2F1H1G8B1B7D7E8C3D1A4A5H3F4E1H2B3C1H6G1D6A3
UNKNOWN
UNKNOWN
UNKNOWN
[83] SAT (H=47)
[83] Record: E6D6C7F3E3F2C5C6D3C3B2E7B6A6F7C4A5B8B3B4E2A2G3E1D2A7C8D1F4H2F5G5F8G4G1G8H6B1H8E8F1H1C1D7F6G7A4
UNKNOWN
UNKNOWN
UNKNOWN
UNKNOWN
UNKNOWN
UNKNOWN
UNKNOWN
UNKNOWN
UNKNOWN
UNKNOWN
UNKNOWN
UNKNOWN
UNKNOWN
UNKNOWN
UNKNOWN
UNKNOWN
UNKNOWN
UNKNOWN
UNKNOWN
[90] SAT (H=48)
[90] Record: D3E3F6E6F3G6G7G8H8E2F2C3D6C5F4G4B3C6G3C2B7C4H5G1D2H2B6C1B1G5G2H4H6A7C7D8F1D1B8A2B4C8E7A3B2F8A5H3
UNKNOWN
==> Running strict parallel GBFS
info: read 72 board(s) from './result/cog/layer_sat_strict_out/layer_sat_UNKNOWN.txt'.
info: writing outputs under './result/cog/reverse_strict_gbfs_out'
info: strict discs = 15: internal = 13987199, leaf = 80207168
==> Writing combined final outputs
Done.
